// Jest Snapshot v1, https://goo.gl/fbAQLP

exports[`List of places renders correctly 1`] = `
<Router
  history={
    Object {
      "action": "POP",
      "block": [Function],
      "createHref": [Function],
      "go": [Function],
      "goBack": [Function],
      "goForward": [Function],
      "length": 1,
      "listen": [Function],
      "location": Object {
        "hash": "",
        "pathname": "/",
        "search": "",
        "state": undefined,
      },
      "push": [Function],
      "replace": [Function],
    }
  }
>
  <PlacesList
    activeCity={
      Object {
        "location": Object {
          "latitude": 51.225402,
          "longitude": 6.776314,
          "zoom": 13,
        },
        "name": "Dusseldorf",
      }
    }
    activeElement="Popular"
    cities={
      Array [
        Object {
          "location": Object {
            "latitude": 51.225402,
            "longitude": 6.776314,
            "zoom": 13,
          },
          "name": "Dusseldorf",
        },
      ]
    }
    places={
      Array [
        Object {
          "bedrooms": 3,
          "city": Object {
            "location": Object {
              "latitude": 52.370216,
              "longitude": 4.895168,
              "zoom": 10,
            },
            "name": "Amsterdam",
          },
          "description": "A quiet cozy and picturesque that hides behind a a river by the unique lightness of Amsterdam.",
          "goods": Array [
            "Heating",
            "Kitchen",
            "Cable TV",
            "Washing machine",
            "Coffee machine",
            "Dishwasher",
          ],
          "host": Object {
            "avatar_url": "img/1.png",
            "id": 3,
            "is_pro": true,
            "name": "Angelina",
          },
          "id": 1,
          "images": Array [
            "img/1.png",
            "img/2.png",
          ],
          "is_favorite": false,
          "is_premium": false,
          "location": Object {
            "latitude": 52.35514938496378,
            "longitude": 4.673877537499948,
            "zoom": 8,
          },
          "max_adults": 4,
          "preview_image": "img/1.png",
          "price": 120,
          "rating": 4.8,
          "title": "Beautiful & luxurious studio at great location",
          "type": "apartment",
        },
      ]
    }
  />
</Router>
`;
